<?xml version="1.0" encoding="utf-8"?>
<TestRun id="0cc5a8ae-d5a2-41ec-bd9e-ef4b0fb19b26" name="Admin@OPENCLAWPC 2026-08-12 18:31:16" runUser="OPENCLAWPC\Admin" xmlns="http://microsoft.com/schemas/VisualStudio/TeamTest/2010">
  <Times creation="2026-08-12T18:31:16.5820741+02:00" queuing="2026-08-12T18:31:16.5820749+02:00" start="2026-08-12T18:31:15.7311851+02:00" finish="2026-08-12T18:31:16.5826319+02:00" />
  <TestSettings name="default" id="943803bc-20a9-432c-b305-ff059bac575f">
    <Deployment runDeploymentRoot="Admin_OPENCLAWPC_2026-08-12_18_31_16" />
  </TestSettings>
  <TestLists>
    <TestList name="Ergebnisse nicht in einer Liste" id="8c84fa94-04c1-424b-9868-57a2d4851a1d" />
    <TestList name="Alle geladenen Ergebnisse" id="19431567-8539-422a-85d7-44ee4e166bda" />
  </TestLists>
  <ResultSummary outcome="Completed">
    <Counters total="0" executed="0" passed="0" failed="0" error="0" timeout="0" aborted="0" inconclusive="0" passedButRunAborted="0" notRunnable="0" notExecuted="0" disconnected="0" warning="0" completed="0" inProgress="0" pending="0" />
    <Output>
      <StdOut>[xUnit.net 00:00:00.00] xUnit.net VSTest Adapter v3.1.4+50e68bbb8b (64-bit .NET 10.0.9)&#xD;
[xUnit.net 00:00:00.10]   Discovering: BPGit.Server.Tests&#xD;
[xUnit.net 00:00:00.17]   Discovered:  BPGit.Server.Tests&#xD;
</StdOut>
    </Output>
    <RunInfos>
      <RunInfo computerName="OPENCLAWPC" outcome="Warning" timestamp="2026-08-12T18:31:16.5028789+02:00">
        <Text>Kein Test entspricht dem angegebenen Testfallfilter "FullyQualifiedName~HeadTrackingDiagnosticTests" in "C:\Users\Admin\.openclaw\workspace\projects\bp-git\tests\BPGit.Server.Tests\bin\Release\net10.0\BPGit.Server.Tests.dll".</Text>
      </RunInfo>
    </RunInfos>
  </ResultSummary>
</TestRun>